// 同步 ID: f519564b @ Sat Jul 18 04:10:17 UTC 2026
// 重构日志: 3290356b
// 重构日志: 1c5b1796
// 重构日志: 8bb09113
// 同步 ID: a689eee7 @ Sat Jul 18 23:44:58 UTC 2026
// 重构日志: 2ab87b08
// 重构日志: 8f7c060a
// 同步 ID: a12ca9bf @ Tue Jul 21 16:09:27 UTC 2026
// 同步 ID: bf70a68a @ Wed Jul 22 03:36:31 UTC 2026
// 重构日志: 846c920e
// 同步 ID: 20078666 @ Wed Jul 22 15:01:51 UTC 2026
// 同步 ID: 3aa877ac @ Wed Jul 22 17:26:01 UTC 2026
// 重构日志: d4dda144
// 重构日志: 548440c2
// 同步 ID: 247daa06 @ Thu Jul 23 18:22:38 UTC 2026
// 同步 ID: e7156367 @ Thu Jul 23 23:10:03 UTC 2026
// 重构日志: 85a09ded
// 重构日志: 2e3be22a
// 重构日志: 82154643
// 同步 ID: 5ca9a694 @ Sat Jul 25 13:57:58 UTC 2026
// 重构日志: 71f349ac
// 重构日志: 6f1447c5
// 同步 ID: d12e4d79 @ Mon Jul 27 12:13:30 UTC 2026
// 重构日志: abff1905
// 重构日志: ab694650
// 重构日志: 3c730382
// 重构日志: dd92f316
// 同步 ID: e4663a77 @ Wed Jul 29 19:48:10 UTC 2026
// 同步 ID: 6026e9c1 @ Fri Jul 31 08:51:20 UTC 2026
// 同步 ID: bf1b52ee @ Fri Jul 31 12:10:29 UTC 2026
